<?xml version="1.0" encoding="UTF-8"?>
<ArdourMIDIBindings version="1.0.0" name="Ardour Scene Manager">
    <!--Binding for the master track's gain-->
    <Binding channel="1" ctl="119" uri="/route/gain 318"/>
    <!--Binding for the master mute switch-->
    <Binding channel="1" note="119" uri="/route/mute 318"/>
    <!--Binding for the master pan direction-->
    <Binding channel="15" ctl="119" uri="/route/pandirection 318"/>
    <!--Binding for the master pan width-->
    <Binding channel="16" ctl="119" uri="/route/panwidth 318"/>
    <!--Binding for all remaining track gains-->
    <Binding channel="1" ctl="0" uri="/route/gain 0"/>
    <Binding channel="1" ctl="1" uri="/route/gain 1"/>
    <Binding channel="1" ctl="2" uri="/route/gain 2"/>
    <Binding channel="1" ctl="3" uri="/route/gain 3"/>
    <Binding channel="1" ctl="4" uri="/route/gain 4"/>
    <Binding channel="1" ctl="5" uri="/route/gain 5"/>
    <Binding channel="1" ctl="6" uri="/route/gain 6"/>
    <Binding channel="1" ctl="7" uri="/route/gain 7"/>
    <Binding channel="1" ctl="8" uri="/route/gain 8"/>
    <Binding channel="1" ctl="9" uri="/route/gain 9"/>
    <Binding channel="1" ctl="10" uri="/route/gain 10"/>
    <Binding channel="1" ctl="11" uri="/route/gain 11"/>
    <Binding channel="1" ctl="12" uri="/route/gain 12"/>
    <Binding channel="1" ctl="13" uri="/route/gain 13"/>
    <Binding channel="1" ctl="14" uri="/route/gain 14"/>
    <Binding channel="1" ctl="15" uri="/route/gain 15"/>
    <Binding channel="1" ctl="16" uri="/route/gain 16"/>
    <Binding channel="1" ctl="17" uri="/route/gain 17"/>
    <Binding channel="1" ctl="18" uri="/route/gain 18"/>
    <Binding channel="1" ctl="19" uri="/route/gain 19"/>
    <Binding channel="1" ctl="20" uri="/route/gain 20"/>
    <Binding channel="1" ctl="21" uri="/route/gain 21"/>
    <Binding channel="1" ctl="22" uri="/route/gain 22"/>
    <Binding channel="1" ctl="23" uri="/route/gain 23"/>
    <Binding channel="1" ctl="24" uri="/route/gain 24"/>
    <Binding channel="1" ctl="25" uri="/route/gain 25"/>
    <Binding channel="1" ctl="26" uri="/route/gain 26"/>
    <Binding channel="1" ctl="27" uri="/route/gain 27"/>
    <Binding channel="1" ctl="28" uri="/route/gain 28"/>
    <Binding channel="1" ctl="29" uri="/route/gain 29"/>
    <Binding channel="1" ctl="30" uri="/route/gain 30"/>
    <Binding channel="1" ctl="31" uri="/route/gain 31"/>
    <Binding channel="1" ctl="32" uri="/route/gain 32"/>
    <Binding channel="1" ctl="33" uri="/route/gain 33"/>
    <Binding channel="1" ctl="34" uri="/route/gain 34"/>
    <Binding channel="1" ctl="35" uri="/route/gain 35"/>
    <Binding channel="1" ctl="36" uri="/route/gain 36"/>
    <Binding channel="1" ctl="37" uri="/route/gain 37"/>
    <Binding channel="1" ctl="38" uri="/route/gain 38"/>
    <Binding channel="1" ctl="39" uri="/route/gain 39"/>
    <Binding channel="1" ctl="40" uri="/route/gain 40"/>
    <Binding channel="1" ctl="41" uri="/route/gain 41"/>
    <Binding channel="1" ctl="42" uri="/route/gain 42"/>
    <Binding channel="1" ctl="43" uri="/route/gain 43"/>
    <Binding channel="1" ctl="44" uri="/route/gain 44"/>
    <Binding channel="1" ctl="45" uri="/route/gain 45"/>
    <Binding channel="1" ctl="46" uri="/route/gain 46"/>
    <Binding channel="1" ctl="47" uri="/route/gain 47"/>
    <Binding channel="1" ctl="48" uri="/route/gain 48"/>
    <Binding channel="1" ctl="49" uri="/route/gain 49"/>
    <Binding channel="1" ctl="50" uri="/route/gain 50"/>
    <Binding channel="1" ctl="51" uri="/route/gain 51"/>
    <Binding channel="1" ctl="52" uri="/route/gain 52"/>
    <Binding channel="1" ctl="53" uri="/route/gain 53"/>
    <Binding channel="1" ctl="54" uri="/route/gain 54"/>
    <Binding channel="1" ctl="55" uri="/route/gain 55"/>
    <Binding channel="1" ctl="56" uri="/route/gain 56"/>
    <Binding channel="1" ctl="57" uri="/route/gain 57"/>
    <Binding channel="1" ctl="58" uri="/route/gain 58"/>
    <Binding channel="1" ctl="59" uri="/route/gain 59"/>
    <Binding channel="1" ctl="60" uri="/route/gain 60"/>
    <Binding channel="1" ctl="61" uri="/route/gain 61"/>
    <Binding channel="1" ctl="62" uri="/route/gain 62"/>
    <Binding channel="1" ctl="63" uri="/route/gain 63"/>
    <Binding channel="1" ctl="64" uri="/route/gain 64"/>
    <Binding channel="1" ctl="65" uri="/route/gain 65"/>
    <Binding channel="1" ctl="66" uri="/route/gain 66"/>
    <Binding channel="1" ctl="67" uri="/route/gain 67"/>
    <Binding channel="1" ctl="68" uri="/route/gain 68"/>
    <Binding channel="1" ctl="69" uri="/route/gain 69"/>
    <Binding channel="1" ctl="70" uri="/route/gain 70"/>
    <Binding channel="1" ctl="71" uri="/route/gain 71"/>
    <Binding channel="1" ctl="72" uri="/route/gain 72"/>
    <Binding channel="1" ctl="73" uri="/route/gain 73"/>
    <Binding channel="1" ctl="74" uri="/route/gain 74"/>
    <Binding channel="1" ctl="75" uri="/route/gain 75"/>
    <Binding channel="1" ctl="76" uri="/route/gain 76"/>
    <Binding channel="1" ctl="77" uri="/route/gain 77"/>
    <Binding channel="1" ctl="78" uri="/route/gain 78"/>
    <Binding channel="1" ctl="79" uri="/route/gain 79"/>
    <Binding channel="1" ctl="80" uri="/route/gain 80"/>
    <Binding channel="1" ctl="81" uri="/route/gain 81"/>
    <Binding channel="1" ctl="82" uri="/route/gain 82"/>
    <Binding channel="1" ctl="83" uri="/route/gain 83"/>
    <Binding channel="1" ctl="84" uri="/route/gain 84"/>
    <Binding channel="1" ctl="85" uri="/route/gain 85"/>
    <Binding channel="1" ctl="86" uri="/route/gain 86"/>
    <Binding channel="1" ctl="87" uri="/route/gain 87"/>
    <Binding channel="1" ctl="88" uri="/route/gain 88"/>
    <Binding channel="1" ctl="89" uri="/route/gain 89"/>
    <Binding channel="1" ctl="90" uri="/route/gain 90"/>
    <Binding channel="1" ctl="91" uri="/route/gain 91"/>
    <Binding channel="1" ctl="92" uri="/route/gain 92"/>
    <Binding channel="1" ctl="93" uri="/route/gain 93"/>
    <Binding channel="1" ctl="94" uri="/route/gain 94"/>
    <Binding channel="1" ctl="95" uri="/route/gain 95"/>
    <Binding channel="1" ctl="96" uri="/route/gain 96"/>
    <Binding channel="1" ctl="97" uri="/route/gain 97"/>
    <Binding channel="1" ctl="98" uri="/route/gain 98"/>
    <Binding channel="1" ctl="99" uri="/route/gain 99"/>
    <Binding channel="1" ctl="100" uri="/route/gain 100"/>
    <Binding channel="1" ctl="101" uri="/route/gain 101"/>
    <Binding channel="1" ctl="102" uri="/route/gain 102"/>
    <Binding channel="1" ctl="103" uri="/route/gain 103"/>
    <Binding channel="1" ctl="104" uri="/route/gain 104"/>
    <Binding channel="1" ctl="105" uri="/route/gain 105"/>
    <Binding channel="1" ctl="106" uri="/route/gain 106"/>
    <Binding channel="1" ctl="107" uri="/route/gain 107"/>
    <Binding channel="1" ctl="108" uri="/route/gain 108"/>
    <Binding channel="1" ctl="109" uri="/route/gain 109"/>
    <Binding channel="1" ctl="110" uri="/route/gain 110"/>
    <Binding channel="1" ctl="111" uri="/route/gain 111"/>
    <Binding channel="1" ctl="112" uri="/route/gain 112"/>
    <Binding channel="1" ctl="113" uri="/route/gain 113"/>
    <Binding channel="1" ctl="114" uri="/route/gain 114"/>
    <Binding channel="1" ctl="115" uri="/route/gain 115"/>
    <Binding channel="1" ctl="116" uri="/route/gain 116"/>
    <Binding channel="1" ctl="117" uri="/route/gain 117"/>
    <Binding channel="1" ctl="118" uri="/route/gain 118"/>
    <!--Binding for all remaining track mute switches-->
    <Binding channel="1" note="0" uri="/route/mute 0"/>
    <Binding channel="1" note="1" uri="/route/mute 1"/>
    <Binding channel="1" note="2" uri="/route/mute 2"/>
    <Binding channel="1" note="3" uri="/route/mute 3"/>
    <Binding channel="1" note="4" uri="/route/mute 4"/>
    <Binding channel="1" note="5" uri="/route/mute 5"/>
    <Binding channel="1" note="6" uri="/route/mute 6"/>
    <Binding channel="1" note="7" uri="/route/mute 7"/>
    <Binding channel="1" note="8" uri="/route/mute 8"/>
    <Binding channel="1" note="9" uri="/route/mute 9"/>
    <Binding channel="1" note="10" uri="/route/mute 10"/>
    <Binding channel="1" note="11" uri="/route/mute 11"/>
    <Binding channel="1" note="12" uri="/route/mute 12"/>
    <Binding channel="1" note="13" uri="/route/mute 13"/>
    <Binding channel="1" note="14" uri="/route/mute 14"/>
    <Binding channel="1" note="15" uri="/route/mute 15"/>
    <Binding channel="1" note="16" uri="/route/mute 16"/>
    <Binding channel="1" note="17" uri="/route/mute 17"/>
    <Binding channel="1" note="18" uri="/route/mute 18"/>
    <Binding channel="1" note="19" uri="/route/mute 19"/>
    <Binding channel="1" note="20" uri="/route/mute 20"/>
    <Binding channel="1" note="21" uri="/route/mute 21"/>
    <Binding channel="1" note="22" uri="/route/mute 22"/>
    <Binding channel="1" note="23" uri="/route/mute 23"/>
    <Binding channel="1" note="24" uri="/route/mute 24"/>
    <Binding channel="1" note="25" uri="/route/mute 25"/>
    <Binding channel="1" note="26" uri="/route/mute 26"/>
    <Binding channel="1" note="27" uri="/route/mute 27"/>
    <Binding channel="1" note="28" uri="/route/mute 28"/>
    <Binding channel="1" note="29" uri="/route/mute 29"/>
    <Binding channel="1" note="30" uri="/route/mute 30"/>
    <Binding channel="1" note="31" uri="/route/mute 31"/>
    <Binding channel="1" note="32" uri="/route/mute 32"/>
    <Binding channel="1" note="33" uri="/route/mute 33"/>
    <Binding channel="1" note="34" uri="/route/mute 34"/>
    <Binding channel="1" note="35" uri="/route/mute 35"/>
    <Binding channel="1" note="36" uri="/route/mute 36"/>
    <Binding channel="1" note="37" uri="/route/mute 37"/>
    <Binding channel="1" note="38" uri="/route/mute 38"/>
    <Binding channel="1" note="39" uri="/route/mute 39"/>
    <Binding channel="1" note="40" uri="/route/mute 40"/>
    <Binding channel="1" note="41" uri="/route/mute 41"/>
    <Binding channel="1" note="42" uri="/route/mute 42"/>
    <Binding channel="1" note="43" uri="/route/mute 43"/>
    <Binding channel="1" note="44" uri="/route/mute 44"/>
    <Binding channel="1" note="45" uri="/route/mute 45"/>
    <Binding channel="1" note="46" uri="/route/mute 46"/>
    <Binding channel="1" note="47" uri="/route/mute 47"/>
    <Binding channel="1" note="48" uri="/route/mute 48"/>
    <Binding channel="1" note="49" uri="/route/mute 49"/>
    <Binding channel="1" note="50" uri="/route/mute 50"/>
    <Binding channel="1" note="51" uri="/route/mute 51"/>
    <Binding channel="1" note="52" uri="/route/mute 52"/>
    <Binding channel="1" note="53" uri="/route/mute 53"/>
    <Binding channel="1" note="54" uri="/route/mute 54"/>
    <Binding channel="1" note="55" uri="/route/mute 55"/>
    <Binding channel="1" note="56" uri="/route/mute 56"/>
    <Binding channel="1" note="57" uri="/route/mute 57"/>
    <Binding channel="1" note="58" uri="/route/mute 58"/>
    <Binding channel="1" note="59" uri="/route/mute 59"/>
    <Binding channel="1" note="60" uri="/route/mute 60"/>
    <Binding channel="1" note="61" uri="/route/mute 61"/>
    <Binding channel="1" note="62" uri="/route/mute 62"/>
    <Binding channel="1" note="63" uri="/route/mute 63"/>
    <Binding channel="1" note="64" uri="/route/mute 64"/>
    <Binding channel="1" note="65" uri="/route/mute 65"/>
    <Binding channel="1" note="66" uri="/route/mute 66"/>
    <Binding channel="1" note="67" uri="/route/mute 67"/>
    <Binding channel="1" note="68" uri="/route/mute 68"/>
    <Binding channel="1" note="69" uri="/route/mute 69"/>
    <Binding channel="1" note="70" uri="/route/mute 70"/>
    <Binding channel="1" note="71" uri="/route/mute 71"/>
    <Binding channel="1" note="72" uri="/route/mute 72"/>
    <Binding channel="1" note="73" uri="/route/mute 73"/>
    <Binding channel="1" note="74" uri="/route/mute 74"/>
    <Binding channel="1" note="75" uri="/route/mute 75"/>
    <Binding channel="1" note="76" uri="/route/mute 76"/>
    <Binding channel="1" note="77" uri="/route/mute 77"/>
    <Binding channel="1" note="78" uri="/route/mute 78"/>
    <Binding channel="1" note="79" uri="/route/mute 79"/>
    <Binding channel="1" note="80" uri="/route/mute 80"/>
    <Binding channel="1" note="81" uri="/route/mute 81"/>
    <Binding channel="1" note="82" uri="/route/mute 82"/>
    <Binding channel="1" note="83" uri="/route/mute 83"/>
    <Binding channel="1" note="84" uri="/route/mute 84"/>
    <Binding channel="1" note="85" uri="/route/mute 85"/>
    <Binding channel="1" note="86" uri="/route/mute 86"/>
    <Binding channel="1" note="87" uri="/route/mute 87"/>
    <Binding channel="1" note="88" uri="/route/mute 88"/>
    <Binding channel="1" note="89" uri="/route/mute 89"/>
    <Binding channel="1" note="90" uri="/route/mute 90"/>
    <Binding channel="1" note="91" uri="/route/mute 91"/>
    <Binding channel="1" note="92" uri="/route/mute 92"/>
    <Binding channel="1" note="93" uri="/route/mute 93"/>
    <Binding channel="1" note="94" uri="/route/mute 94"/>
    <Binding channel="1" note="95" uri="/route/mute 95"/>
    <Binding channel="1" note="96" uri="/route/mute 96"/>
    <Binding channel="1" note="97" uri="/route/mute 97"/>
    <Binding channel="1" note="98" uri="/route/mute 98"/>
    <Binding channel="1" note="99" uri="/route/mute 99"/>
    <Binding channel="1" note="100" uri="/route/mute 100"/>
    <Binding channel="1" note="101" uri="/route/mute 101"/>
    <Binding channel="1" note="102" uri="/route/mute 102"/>
    <Binding channel="1" note="103" uri="/route/mute 103"/>
    <Binding channel="1" note="104" uri="/route/mute 104"/>
    <Binding channel="1" note="105" uri="/route/mute 105"/>
    <Binding channel="1" note="106" uri="/route/mute 106"/>
    <Binding channel="1" note="107" uri="/route/mute 107"/>
    <Binding channel="1" note="108" uri="/route/mute 108"/>
    <Binding channel="1" note="109" uri="/route/mute 109"/>
    <Binding channel="1" note="110" uri="/route/mute 110"/>
    <Binding channel="1" note="111" uri="/route/mute 111"/>
    <Binding channel="1" note="112" uri="/route/mute 112"/>
    <Binding channel="1" note="113" uri="/route/mute 113"/>
    <Binding channel="1" note="114" uri="/route/mute 114"/>
    <Binding channel="1" note="115" uri="/route/mute 115"/>
    <Binding channel="1" note="116" uri="/route/mute 116"/>
    <Binding channel="1" note="117" uri="/route/mute 117"/>
    <Binding channel="1" note="118" uri="/route/mute 118"/>
    <!--Binding for all remaining track solo switches-->
    <Binding channel="2" note="0" uri="/route/solo 0"/>
    <Binding channel="2" note="1" uri="/route/solo 1"/>
    <Binding channel="2" note="2" uri="/route/solo 2"/>
    <Binding channel="2" note="3" uri="/route/solo 3"/>
    <Binding channel="2" note="4" uri="/route/solo 4"/>
    <Binding channel="2" note="5" uri="/route/solo 5"/>
    <Binding channel="2" note="6" uri="/route/solo 6"/>
    <Binding channel="2" note="7" uri="/route/solo 7"/>
    <Binding channel="2" note="8" uri="/route/solo 8"/>
    <Binding channel="2" note="9" uri="/route/solo 9"/>
    <Binding channel="2" note="10" uri="/route/solo 10"/>
    <Binding channel="2" note="11" uri="/route/solo 11"/>
    <Binding channel="2" note="12" uri="/route/solo 12"/>
    <Binding channel="2" note="13" uri="/route/solo 13"/>
    <Binding channel="2" note="14" uri="/route/solo 14"/>
    <Binding channel="2" note="15" uri="/route/solo 15"/>
    <Binding channel="2" note="16" uri="/route/solo 16"/>
    <Binding channel="2" note="17" uri="/route/solo 17"/>
    <Binding channel="2" note="18" uri="/route/solo 18"/>
    <Binding channel="2" note="19" uri="/route/solo 19"/>
    <Binding channel="2" note="20" uri="/route/solo 20"/>
    <Binding channel="2" note="21" uri="/route/solo 21"/>
    <Binding channel="2" note="22" uri="/route/solo 22"/>
    <Binding channel="2" note="23" uri="/route/solo 23"/>
    <Binding channel="2" note="24" uri="/route/solo 24"/>
    <Binding channel="2" note="25" uri="/route/solo 25"/>
    <Binding channel="2" note="26" uri="/route/solo 26"/>
    <Binding channel="2" note="27" uri="/route/solo 27"/>
    <Binding channel="2" note="28" uri="/route/solo 28"/>
    <Binding channel="2" note="29" uri="/route/solo 29"/>
    <Binding channel="2" note="30" uri="/route/solo 30"/>
    <Binding channel="2" note="31" uri="/route/solo 31"/>
    <Binding channel="2" note="32" uri="/route/solo 32"/>
    <Binding channel="2" note="33" uri="/route/solo 33"/>
    <Binding channel="2" note="34" uri="/route/solo 34"/>
    <Binding channel="2" note="35" uri="/route/solo 35"/>
    <Binding channel="2" note="36" uri="/route/solo 36"/>
    <Binding channel="2" note="37" uri="/route/solo 37"/>
    <Binding channel="2" note="38" uri="/route/solo 38"/>
    <Binding channel="2" note="39" uri="/route/solo 39"/>
    <Binding channel="2" note="40" uri="/route/solo 40"/>
    <Binding channel="2" note="41" uri="/route/solo 41"/>
    <Binding channel="2" note="42" uri="/route/solo 42"/>
    <Binding channel="2" note="43" uri="/route/solo 43"/>
    <Binding channel="2" note="44" uri="/route/solo 44"/>
    <Binding channel="2" note="45" uri="/route/solo 45"/>
    <Binding channel="2" note="46" uri="/route/solo 46"/>
    <Binding channel="2" note="47" uri="/route/solo 47"/>
    <Binding channel="2" note="48" uri="/route/solo 48"/>
    <Binding channel="2" note="49" uri="/route/solo 49"/>
    <Binding channel="2" note="50" uri="/route/solo 50"/>
    <Binding channel="2" note="51" uri="/route/solo 51"/>
    <Binding channel="2" note="52" uri="/route/solo 52"/>
    <Binding channel="2" note="53" uri="/route/solo 53"/>
    <Binding channel="2" note="54" uri="/route/solo 54"/>
    <Binding channel="2" note="55" uri="/route/solo 55"/>
    <Binding channel="2" note="56" uri="/route/solo 56"/>
    <Binding channel="2" note="57" uri="/route/solo 57"/>
    <Binding channel="2" note="58" uri="/route/solo 58"/>
    <Binding channel="2" note="59" uri="/route/solo 59"/>
    <Binding channel="2" note="60" uri="/route/solo 60"/>
    <Binding channel="2" note="61" uri="/route/solo 61"/>
    <Binding channel="2" note="62" uri="/route/solo 62"/>
    <Binding channel="2" note="63" uri="/route/solo 63"/>
    <Binding channel="2" note="64" uri="/route/solo 64"/>
    <Binding channel="2" note="65" uri="/route/solo 65"/>
    <Binding channel="2" note="66" uri="/route/solo 66"/>
    <Binding channel="2" note="67" uri="/route/solo 67"/>
    <Binding channel="2" note="68" uri="/route/solo 68"/>
    <Binding channel="2" note="69" uri="/route/solo 69"/>
    <Binding channel="2" note="70" uri="/route/solo 70"/>
    <Binding channel="2" note="71" uri="/route/solo 71"/>
    <Binding channel="2" note="72" uri="/route/solo 72"/>
    <Binding channel="2" note="73" uri="/route/solo 73"/>
    <Binding channel="2" note="74" uri="/route/solo 74"/>
    <Binding channel="2" note="75" uri="/route/solo 75"/>
    <Binding channel="2" note="76" uri="/route/solo 76"/>
    <Binding channel="2" note="77" uri="/route/solo 77"/>
    <Binding channel="2" note="78" uri="/route/solo 78"/>
    <Binding channel="2" note="79" uri="/route/solo 79"/>
    <Binding channel="2" note="80" uri="/route/solo 80"/>
    <Binding channel="2" note="81" uri="/route/solo 81"/>
    <Binding channel="2" note="82" uri="/route/solo 82"/>
    <Binding channel="2" note="83" uri="/route/solo 83"/>
    <Binding channel="2" note="84" uri="/route/solo 84"/>
    <Binding channel="2" note="85" uri="/route/solo 85"/>
    <Binding channel="2" note="86" uri="/route/solo 86"/>
    <Binding channel="2" note="87" uri="/route/solo 87"/>
    <Binding channel="2" note="88" uri="/route/solo 88"/>
    <Binding channel="2" note="89" uri="/route/solo 89"/>
    <Binding channel="2" note="90" uri="/route/solo 90"/>
    <Binding channel="2" note="91" uri="/route/solo 91"/>
    <Binding channel="2" note="92" uri="/route/solo 92"/>
    <Binding channel="2" note="93" uri="/route/solo 93"/>
    <Binding channel="2" note="94" uri="/route/solo 94"/>
    <Binding channel="2" note="95" uri="/route/solo 95"/>
    <Binding channel="2" note="96" uri="/route/solo 96"/>
    <Binding channel="2" note="97" uri="/route/solo 97"/>
    <Binding channel="2" note="98" uri="/route/solo 98"/>
    <Binding channel="2" note="99" uri="/route/solo 99"/>
    <Binding channel="2" note="100" uri="/route/solo 100"/>
    <Binding channel="2" note="101" uri="/route/solo 101"/>
    <Binding channel="2" note="102" uri="/route/solo 102"/>
    <Binding channel="2" note="103" uri="/route/solo 103"/>
    <Binding channel="2" note="104" uri="/route/solo 104"/>
    <Binding channel="2" note="105" uri="/route/solo 105"/>
    <Binding channel="2" note="106" uri="/route/solo 106"/>
    <Binding channel="2" note="107" uri="/route/solo 107"/>
    <Binding channel="2" note="108" uri="/route/solo 108"/>
    <Binding channel="2" note="109" uri="/route/solo 109"/>
    <Binding channel="2" note="110" uri="/route/solo 110"/>
    <Binding channel="2" note="111" uri="/route/solo 111"/>
    <Binding channel="2" note="112" uri="/route/solo 112"/>
    <Binding channel="2" note="113" uri="/route/solo 113"/>
    <Binding channel="2" note="114" uri="/route/solo 114"/>
    <Binding channel="2" note="115" uri="/route/solo 115"/>
    <Binding channel="2" note="116" uri="/route/solo 116"/>
    <Binding channel="2" note="117" uri="/route/solo 117"/>
    <Binding channel="2" note="118" uri="/route/solo 118"/>
    <!--Binding for all remaining track pan directions-->
    <Binding channel="15" ctl="0" uri="/route/pandirection 0"/>
    <Binding channel="15" ctl="1" uri="/route/pandirection 1"/>
    <Binding channel="15" ctl="2" uri="/route/pandirection 2"/>
    <Binding channel="15" ctl="3" uri="/route/pandirection 3"/>
    <Binding channel="15" ctl="4" uri="/route/pandirection 4"/>
    <Binding channel="15" ctl="5" uri="/route/pandirection 5"/>
    <Binding channel="15" ctl="6" uri="/route/pandirection 6"/>
    <Binding channel="15" ctl="7" uri="/route/pandirection 7"/>
    <Binding channel="15" ctl="8" uri="/route/pandirection 8"/>
    <Binding channel="15" ctl="9" uri="/route/pandirection 9"/>
    <Binding channel="15" ctl="10" uri="/route/pandirection 10"/>
    <Binding channel="15" ctl="11" uri="/route/pandirection 11"/>
    <Binding channel="15" ctl="12" uri="/route/pandirection 12"/>
    <Binding channel="15" ctl="13" uri="/route/pandirection 13"/>
    <Binding channel="15" ctl="14" uri="/route/pandirection 14"/>
    <Binding channel="15" ctl="15" uri="/route/pandirection 15"/>
    <Binding channel="15" ctl="16" uri="/route/pandirection 16"/>
    <Binding channel="15" ctl="17" uri="/route/pandirection 17"/>
    <Binding channel="15" ctl="18" uri="/route/pandirection 18"/>
    <Binding channel="15" ctl="19" uri="/route/pandirection 19"/>
    <Binding channel="15" ctl="20" uri="/route/pandirection 20"/>
    <Binding channel="15" ctl="21" uri="/route/pandirection 21"/>
    <Binding channel="15" ctl="22" uri="/route/pandirection 22"/>
    <Binding channel="15" ctl="23" uri="/route/pandirection 23"/>
    <Binding channel="15" ctl="24" uri="/route/pandirection 24"/>
    <Binding channel="15" ctl="25" uri="/route/pandirection 25"/>
    <Binding channel="15" ctl="26" uri="/route/pandirection 26"/>
    <Binding channel="15" ctl="27" uri="/route/pandirection 27"/>
    <Binding channel="15" ctl="28" uri="/route/pandirection 28"/>
    <Binding channel="15" ctl="29" uri="/route/pandirection 29"/>
    <Binding channel="15" ctl="30" uri="/route/pandirection 30"/>
    <Binding channel="15" ctl="31" uri="/route/pandirection 31"/>
    <Binding channel="15" ctl="32" uri="/route/pandirection 32"/>
    <Binding channel="15" ctl="33" uri="/route/pandirection 33"/>
    <Binding channel="15" ctl="34" uri="/route/pandirection 34"/>
    <Binding channel="15" ctl="35" uri="/route/pandirection 35"/>
    <Binding channel="15" ctl="36" uri="/route/pandirection 36"/>
    <Binding channel="15" ctl="37" uri="/route/pandirection 37"/>
    <Binding channel="15" ctl="38" uri="/route/pandirection 38"/>
    <Binding channel="15" ctl="39" uri="/route/pandirection 39"/>
    <Binding channel="15" ctl="40" uri="/route/pandirection 40"/>
    <Binding channel="15" ctl="41" uri="/route/pandirection 41"/>
    <Binding channel="15" ctl="42" uri="/route/pandirection 42"/>
    <Binding channel="15" ctl="43" uri="/route/pandirection 43"/>
    <Binding channel="15" ctl="44" uri="/route/pandirection 44"/>
    <Binding channel="15" ctl="45" uri="/route/pandirection 45"/>
    <Binding channel="15" ctl="46" uri="/route/pandirection 46"/>
    <Binding channel="15" ctl="47" uri="/route/pandirection 47"/>
    <Binding channel="15" ctl="48" uri="/route/pandirection 48"/>
    <Binding channel="15" ctl="49" uri="/route/pandirection 49"/>
    <Binding channel="15" ctl="50" uri="/route/pandirection 50"/>
    <Binding channel="15" ctl="51" uri="/route/pandirection 51"/>
    <Binding channel="15" ctl="52" uri="/route/pandirection 52"/>
    <Binding channel="15" ctl="53" uri="/route/pandirection 53"/>
    <Binding channel="15" ctl="54" uri="/route/pandirection 54"/>
    <Binding channel="15" ctl="55" uri="/route/pandirection 55"/>
    <Binding channel="15" ctl="56" uri="/route/pandirection 56"/>
    <Binding channel="15" ctl="57" uri="/route/pandirection 57"/>
    <Binding channel="15" ctl="58" uri="/route/pandirection 58"/>
    <Binding channel="15" ctl="59" uri="/route/pandirection 59"/>
    <Binding channel="15" ctl="60" uri="/route/pandirection 60"/>
    <Binding channel="15" ctl="61" uri="/route/pandirection 61"/>
    <Binding channel="15" ctl="62" uri="/route/pandirection 62"/>
    <Binding channel="15" ctl="63" uri="/route/pandirection 63"/>
    <Binding channel="15" ctl="64" uri="/route/pandirection 64"/>
    <Binding channel="15" ctl="65" uri="/route/pandirection 65"/>
    <Binding channel="15" ctl="66" uri="/route/pandirection 66"/>
    <Binding channel="15" ctl="67" uri="/route/pandirection 67"/>
    <Binding channel="15" ctl="68" uri="/route/pandirection 68"/>
    <Binding channel="15" ctl="69" uri="/route/pandirection 69"/>
    <Binding channel="15" ctl="70" uri="/route/pandirection 70"/>
    <Binding channel="15" ctl="71" uri="/route/pandirection 71"/>
    <Binding channel="15" ctl="72" uri="/route/pandirection 72"/>
    <Binding channel="15" ctl="73" uri="/route/pandirection 73"/>
    <Binding channel="15" ctl="74" uri="/route/pandirection 74"/>
    <Binding channel="15" ctl="75" uri="/route/pandirection 75"/>
    <Binding channel="15" ctl="76" uri="/route/pandirection 76"/>
    <Binding channel="15" ctl="77" uri="/route/pandirection 77"/>
    <Binding channel="15" ctl="78" uri="/route/pandirection 78"/>
    <Binding channel="15" ctl="79" uri="/route/pandirection 79"/>
    <Binding channel="15" ctl="80" uri="/route/pandirection 80"/>
    <Binding channel="15" ctl="81" uri="/route/pandirection 81"/>
    <Binding channel="15" ctl="82" uri="/route/pandirection 82"/>
    <Binding channel="15" ctl="83" uri="/route/pandirection 83"/>
    <Binding channel="15" ctl="84" uri="/route/pandirection 84"/>
    <Binding channel="15" ctl="85" uri="/route/pandirection 85"/>
    <Binding channel="15" ctl="86" uri="/route/pandirection 86"/>
    <Binding channel="15" ctl="87" uri="/route/pandirection 87"/>
    <Binding channel="15" ctl="88" uri="/route/pandirection 88"/>
    <Binding channel="15" ctl="89" uri="/route/pandirection 89"/>
    <Binding channel="15" ctl="90" uri="/route/pandirection 90"/>
    <Binding channel="15" ctl="91" uri="/route/pandirection 91"/>
    <Binding channel="15" ctl="92" uri="/route/pandirection 92"/>
    <Binding channel="15" ctl="93" uri="/route/pandirection 93"/>
    <Binding channel="15" ctl="94" uri="/route/pandirection 94"/>
    <Binding channel="15" ctl="95" uri="/route/pandirection 95"/>
    <Binding channel="15" ctl="96" uri="/route/pandirection 96"/>
    <Binding channel="15" ctl="97" uri="/route/pandirection 97"/>
    <Binding channel="15" ctl="98" uri="/route/pandirection 98"/>
    <Binding channel="15" ctl="99" uri="/route/pandirection 99"/>
    <Binding channel="15" ctl="100" uri="/route/pandirection 100"/>
    <Binding channel="15" ctl="101" uri="/route/pandirection 101"/>
    <Binding channel="15" ctl="102" uri="/route/pandirection 102"/>
    <Binding channel="15" ctl="103" uri="/route/pandirection 103"/>
    <Binding channel="15" ctl="104" uri="/route/pandirection 104"/>
    <Binding channel="15" ctl="105" uri="/route/pandirection 105"/>
    <Binding channel="15" ctl="106" uri="/route/pandirection 106"/>
    <Binding channel="15" ctl="107" uri="/route/pandirection 107"/>
    <Binding channel="15" ctl="108" uri="/route/pandirection 108"/>
    <Binding channel="15" ctl="109" uri="/route/pandirection 109"/>
    <Binding channel="15" ctl="110" uri="/route/pandirection 110"/>
    <Binding channel="15" ctl="111" uri="/route/pandirection 111"/>
    <Binding channel="15" ctl="112" uri="/route/pandirection 112"/>
    <Binding channel="15" ctl="113" uri="/route/pandirection 113"/>
    <Binding channel="15" ctl="114" uri="/route/pandirection 114"/>
    <Binding channel="15" ctl="115" uri="/route/pandirection 115"/>
    <Binding channel="15" ctl="116" uri="/route/pandirection 116"/>
    <Binding channel="15" ctl="117" uri="/route/pandirection 117"/>
    <Binding channel="15" ctl="118" uri="/route/pandirection 118"/>
    <!--Binding for all remaining track pan widths-->
    <Binding channel="16" ctl="0" uri="/route/panwidth 0"/>
    <Binding channel="16" ctl="1" uri="/route/panwidth 1"/>
    <Binding channel="16" ctl="2" uri="/route/panwidth 2"/>
    <Binding channel="16" ctl="3" uri="/route/panwidth 3"/>
    <Binding channel="16" ctl="4" uri="/route/panwidth 4"/>
    <Binding channel="16" ctl="5" uri="/route/panwidth 5"/>
    <Binding channel="16" ctl="6" uri="/route/panwidth 6"/>
    <Binding channel="16" ctl="7" uri="/route/panwidth 7"/>
    <Binding channel="16" ctl="8" uri="/route/panwidth 8"/>
    <Binding channel="16" ctl="9" uri="/route/panwidth 9"/>
    <Binding channel="16" ctl="10" uri="/route/panwidth 10"/>
    <Binding channel="16" ctl="11" uri="/route/panwidth 11"/>
    <Binding channel="16" ctl="12" uri="/route/panwidth 12"/>
    <Binding channel="16" ctl="13" uri="/route/panwidth 13"/>
    <Binding channel="16" ctl="14" uri="/route/panwidth 14"/>
    <Binding channel="16" ctl="15" uri="/route/panwidth 15"/>
    <Binding channel="16" ctl="16" uri="/route/panwidth 16"/>
    <Binding channel="16" ctl="17" uri="/route/panwidth 17"/>
    <Binding channel="16" ctl="18" uri="/route/panwidth 18"/>
    <Binding channel="16" ctl="19" uri="/route/panwidth 19"/>
    <Binding channel="16" ctl="20" uri="/route/panwidth 20"/>
    <Binding channel="16" ctl="21" uri="/route/panwidth 21"/>
    <Binding channel="16" ctl="22" uri="/route/panwidth 22"/>
    <Binding channel="16" ctl="23" uri="/route/panwidth 23"/>
    <Binding channel="16" ctl="24" uri="/route/panwidth 24"/>
    <Binding channel="16" ctl="25" uri="/route/panwidth 25"/>
    <Binding channel="16" ctl="26" uri="/route/panwidth 26"/>
    <Binding channel="16" ctl="27" uri="/route/panwidth 27"/>
    <Binding channel="16" ctl="28" uri="/route/panwidth 28"/>
    <Binding channel="16" ctl="29" uri="/route/panwidth 29"/>
    <Binding channel="16" ctl="30" uri="/route/panwidth 30"/>
    <Binding channel="16" ctl="31" uri="/route/panwidth 31"/>
    <Binding channel="16" ctl="32" uri="/route/panwidth 32"/>
    <Binding channel="16" ctl="33" uri="/route/panwidth 33"/>
    <Binding channel="16" ctl="34" uri="/route/panwidth 34"/>
    <Binding channel="16" ctl="35" uri="/route/panwidth 35"/>
    <Binding channel="16" ctl="36" uri="/route/panwidth 36"/>
    <Binding channel="16" ctl="37" uri="/route/panwidth 37"/>
    <Binding channel="16" ctl="38" uri="/route/panwidth 38"/>
    <Binding channel="16" ctl="39" uri="/route/panwidth 39"/>
    <Binding channel="16" ctl="40" uri="/route/panwidth 40"/>
    <Binding channel="16" ctl="41" uri="/route/panwidth 41"/>
    <Binding channel="16" ctl="42" uri="/route/panwidth 42"/>
    <Binding channel="16" ctl="43" uri="/route/panwidth 43"/>
    <Binding channel="16" ctl="44" uri="/route/panwidth 44"/>
    <Binding channel="16" ctl="45" uri="/route/panwidth 45"/>
    <Binding channel="16" ctl="46" uri="/route/panwidth 46"/>
    <Binding channel="16" ctl="47" uri="/route/panwidth 47"/>
    <Binding channel="16" ctl="48" uri="/route/panwidth 48"/>
    <Binding channel="16" ctl="49" uri="/route/panwidth 49"/>
    <Binding channel="16" ctl="50" uri="/route/panwidth 50"/>
    <Binding channel="16" ctl="51" uri="/route/panwidth 51"/>
    <Binding channel="16" ctl="52" uri="/route/panwidth 52"/>
    <Binding channel="16" ctl="53" uri="/route/panwidth 53"/>
    <Binding channel="16" ctl="54" uri="/route/panwidth 54"/>
    <Binding channel="16" ctl="55" uri="/route/panwidth 55"/>
    <Binding channel="16" ctl="56" uri="/route/panwidth 56"/>
    <Binding channel="16" ctl="57" uri="/route/panwidth 57"/>
    <Binding channel="16" ctl="58" uri="/route/panwidth 58"/>
    <Binding channel="16" ctl="59" uri="/route/panwidth 59"/>
    <Binding channel="16" ctl="60" uri="/route/panwidth 60"/>
    <Binding channel="16" ctl="61" uri="/route/panwidth 61"/>
    <Binding channel="16" ctl="62" uri="/route/panwidth 62"/>
    <Binding channel="16" ctl="63" uri="/route/panwidth 63"/>
    <Binding channel="16" ctl="64" uri="/route/panwidth 64"/>
    <Binding channel="16" ctl="65" uri="/route/panwidth 65"/>
    <Binding channel="16" ctl="66" uri="/route/panwidth 66"/>
    <Binding channel="16" ctl="67" uri="/route/panwidth 67"/>
    <Binding channel="16" ctl="68" uri="/route/panwidth 68"/>
    <Binding channel="16" ctl="69" uri="/route/panwidth 69"/>
    <Binding channel="16" ctl="70" uri="/route/panwidth 70"/>
    <Binding channel="16" ctl="71" uri="/route/panwidth 71"/>
    <Binding channel="16" ctl="72" uri="/route/panwidth 72"/>
    <Binding channel="16" ctl="73" uri="/route/panwidth 73"/>
    <Binding channel="16" ctl="74" uri="/route/panwidth 74"/>
    <Binding channel="16" ctl="75" uri="/route/panwidth 75"/>
    <Binding channel="16" ctl="76" uri="/route/panwidth 76"/>
    <Binding channel="16" ctl="77" uri="/route/panwidth 77"/>
    <Binding channel="16" ctl="78" uri="/route/panwidth 78"/>
    <Binding channel="16" ctl="79" uri="/route/panwidth 79"/>
    <Binding channel="16" ctl="80" uri="/route/panwidth 80"/>
    <Binding channel="16" ctl="81" uri="/route/panwidth 81"/>
    <Binding channel="16" ctl="82" uri="/route/panwidth 82"/>
    <Binding channel="16" ctl="83" uri="/route/panwidth 83"/>
    <Binding channel="16" ctl="84" uri="/route/panwidth 84"/>
    <Binding channel="16" ctl="85" uri="/route/panwidth 85"/>
    <Binding channel="16" ctl="86" uri="/route/panwidth 86"/>
    <Binding channel="16" ctl="87" uri="/route/panwidth 87"/>
    <Binding channel="16" ctl="88" uri="/route/panwidth 88"/>
    <Binding channel="16" ctl="89" uri="/route/panwidth 89"/>
    <Binding channel="16" ctl="90" uri="/route/panwidth 90"/>
    <Binding channel="16" ctl="91" uri="/route/panwidth 91"/>
    <Binding channel="16" ctl="92" uri="/route/panwidth 92"/>
    <Binding channel="16" ctl="93" uri="/route/panwidth 93"/>
    <Binding channel="16" ctl="94" uri="/route/panwidth 94"/>
    <Binding channel="16" ctl="95" uri="/route/panwidth 95"/>
    <Binding channel="16" ctl="96" uri="/route/panwidth 96"/>
    <Binding channel="16" ctl="97" uri="/route/panwidth 97"/>
    <Binding channel="16" ctl="98" uri="/route/panwidth 98"/>
    <Binding channel="16" ctl="99" uri="/route/panwidth 99"/>
    <Binding channel="16" ctl="100" uri="/route/panwidth 100"/>
    <Binding channel="16" ctl="101" uri="/route/panwidth 101"/>
    <Binding channel="16" ctl="102" uri="/route/panwidth 102"/>
    <Binding channel="16" ctl="103" uri="/route/panwidth 103"/>
    <Binding channel="16" ctl="104" uri="/route/panwidth 104"/>
    <Binding channel="16" ctl="105" uri="/route/panwidth 105"/>
    <Binding channel="16" ctl="106" uri="/route/panwidth 106"/>
    <Binding channel="16" ctl="107" uri="/route/panwidth 107"/>
    <Binding channel="16" ctl="108" uri="/route/panwidth 108"/>
    <Binding channel="16" ctl="109" uri="/route/panwidth 109"/>
    <Binding channel="16" ctl="110" uri="/route/panwidth 110"/>
    <Binding channel="16" ctl="111" uri="/route/panwidth 111"/>
    <Binding channel="16" ctl="112" uri="/route/panwidth 112"/>
    <Binding channel="16" ctl="113" uri="/route/panwidth 113"/>
    <Binding channel="16" ctl="114" uri="/route/panwidth 114"/>
    <Binding channel="16" ctl="115" uri="/route/panwidth 115"/>
    <Binding channel="16" ctl="116" uri="/route/panwidth 116"/>
    <Binding channel="16" ctl="117" uri="/route/panwidth 117"/>
    <Binding channel="16" ctl="118" uri="/route/panwidth 118"/>
</ArdourMIDIBindings>
