<?xml version="1.0" encoding="UTF-8"?>
<ArdourMIDIBindings version="1.0.0" name="Ardour Scene Manager">
	<Binding channel="1" ctl="119"   uri="/bus/gain master"/>
	<Binding channel="1" ctl="0"   uri="/route/gain 0"/>
	<Binding channel="1" ctl="1"   uri="/route/gain 1"/>
	<Binding channel="1" ctl="2"   uri="/route/gain 2"/>
	<Binding channel="1" ctl="3"   uri="/route/gain 3"/>
	<Binding channel="1" ctl="4"   uri="/route/gain 4"/>
	<Binding channel="1" ctl="5"   uri="/route/gain 5"/>
	<Binding channel="1" ctl="6"   uri="/route/gain 6"/>
	<Binding channel="1" ctl="7"   uri="/route/gain 7"/>
	<Binding channel="1" ctl="8"   uri="/route/gain 8"/>
	<Binding channel="1" ctl="9"   uri="/route/gain 9"/>
	<Binding channel="1" ctl="10"   uri="/route/gain 10"/>
	<Binding channel="1" ctl="11"   uri="/route/gain 11"/>
	<Binding channel="1" ctl="12"   uri="/route/gain 12"/>
	<Binding channel="1" ctl="13"   uri="/route/gain 13"/>
	<Binding channel="1" ctl="14"   uri="/route/gain 14"/>
	<Binding channel="1" ctl="15"   uri="/route/gain 15"/>
	<Binding channel="1" ctl="16"   uri="/route/gain 16"/>
	<Binding channel="1" ctl="17"   uri="/route/gain 17"/>
	<Binding channel="1" ctl="18"   uri="/route/gain 18"/>
	<Binding channel="1" ctl="19"   uri="/route/gain 19"/>
	<Binding channel="1" ctl="20"   uri="/route/gain 20"/>
	<Binding channel="1" ctl="21"   uri="/route/gain 21"/>
	<Binding channel="1" ctl="22"   uri="/route/gain 22"/>
	<Binding channel="1" ctl="23"   uri="/route/gain 23"/>
	<Binding channel="1" ctl="24"   uri="/route/gain 24"/>
	<Binding channel="1" ctl="25"   uri="/route/gain 25"/>
	<Binding channel="1" ctl="26"   uri="/route/gain 26"/>
	<Binding channel="1" ctl="27"   uri="/route/gain 27"/>
	<Binding channel="1" ctl="28"   uri="/route/gain 28"/>
	<Binding channel="1" ctl="29"   uri="/route/gain 29"/>
	<Binding channel="1" ctl="30"   uri="/route/gain 30"/>
	<Binding channel="1" ctl="31"   uri="/route/gain 31"/>
	<Binding channel="1" ctl="32"   uri="/route/gain 32"/>
	<Binding channel="1" ctl="33"   uri="/route/gain 33"/>
	<Binding channel="1" ctl="34"   uri="/route/gain 34"/>
	<Binding channel="1" ctl="35"   uri="/route/gain 35"/>
	<Binding channel="1" ctl="36"   uri="/route/gain 36"/>
	<Binding channel="1" ctl="37"   uri="/route/gain 37"/>
	<Binding channel="1" ctl="38"   uri="/route/gain 38"/>
	<Binding channel="1" ctl="39"   uri="/route/gain 39"/>
	<Binding channel="1" ctl="40"   uri="/route/gain 40"/>
	<Binding channel="1" ctl="41"   uri="/route/gain 41"/>
	<Binding channel="1" ctl="42"   uri="/route/gain 42"/>
	<Binding channel="1" ctl="43"   uri="/route/gain 43"/>
	<Binding channel="1" ctl="44"   uri="/route/gain 44"/>
	<Binding channel="1" ctl="45"   uri="/route/gain 45"/>
	<Binding channel="1" ctl="46"   uri="/route/gain 46"/>
	<Binding channel="1" ctl="47"   uri="/route/gain 47"/>
	<Binding channel="1" ctl="48"   uri="/route/gain 48"/>
	<Binding channel="1" ctl="49"   uri="/route/gain 49"/>
	<Binding channel="1" ctl="50"   uri="/route/gain 50"/>
	<Binding channel="1" ctl="51"   uri="/route/gain 51"/>
	<Binding channel="1" ctl="52"   uri="/route/gain 52"/>
	<Binding channel="1" ctl="53"   uri="/route/gain 53"/>
	<Binding channel="1" ctl="54"   uri="/route/gain 54"/>
	<Binding channel="1" ctl="55"   uri="/route/gain 55"/>
	<Binding channel="1" ctl="56"   uri="/route/gain 56"/>
	<Binding channel="1" ctl="57"   uri="/route/gain 57"/>
	<Binding channel="1" ctl="58"   uri="/route/gain 58"/>
	<Binding channel="1" ctl="59"   uri="/route/gain 59"/>
	<Binding channel="1" ctl="60"   uri="/route/gain 60"/>
	<Binding channel="1" ctl="61"   uri="/route/gain 61"/>
	<Binding channel="1" ctl="62"   uri="/route/gain 62"/>
	<Binding channel="1" ctl="63"   uri="/route/gain 63"/>
	<Binding channel="1" ctl="64"   uri="/route/gain 64"/>
	<Binding channel="1" ctl="65"   uri="/route/gain 65"/>
	<Binding channel="1" ctl="66"   uri="/route/gain 66"/>
	<Binding channel="1" ctl="67"   uri="/route/gain 67"/>
	<Binding channel="1" ctl="68"   uri="/route/gain 68"/>
	<Binding channel="1" ctl="69"   uri="/route/gain 69"/>
	<Binding channel="1" ctl="70"   uri="/route/gain 70"/>
	<Binding channel="1" ctl="71"   uri="/route/gain 71"/>
	<Binding channel="1" ctl="72"   uri="/route/gain 72"/>
	<Binding channel="1" ctl="73"   uri="/route/gain 73"/>
	<Binding channel="1" ctl="74"   uri="/route/gain 74"/>
	<Binding channel="1" ctl="75"   uri="/route/gain 75"/>
	<Binding channel="1" ctl="76"   uri="/route/gain 76"/>
	<Binding channel="1" ctl="77"   uri="/route/gain 77"/>
	<Binding channel="1" ctl="78"   uri="/route/gain 78"/>
	<Binding channel="1" ctl="79"   uri="/route/gain 79"/>
	<Binding channel="1" ctl="80"   uri="/route/gain 80"/>
	<Binding channel="1" ctl="81"   uri="/route/gain 81"/>
	<Binding channel="1" ctl="82"   uri="/route/gain 82"/>
	<Binding channel="1" ctl="83"   uri="/route/gain 83"/>
	<Binding channel="1" ctl="84"   uri="/route/gain 84"/>
	<Binding channel="1" ctl="85"   uri="/route/gain 85"/>
	<Binding channel="1" ctl="86"   uri="/route/gain 86"/>
	<Binding channel="1" ctl="87"   uri="/route/gain 87"/>
	<Binding channel="1" ctl="88"   uri="/route/gain 88"/>
	<Binding channel="1" ctl="89"   uri="/route/gain 89"/>
	<Binding channel="1" ctl="90"   uri="/route/gain 90"/>
	<Binding channel="1" ctl="91"   uri="/route/gain 91"/>
	<Binding channel="1" ctl="92"   uri="/route/gain 92"/>
	<Binding channel="1" ctl="93"   uri="/route/gain 93"/>
	<Binding channel="1" ctl="94"   uri="/route/gain 94"/>
	<Binding channel="1" ctl="95"   uri="/route/gain 95"/>
	<Binding channel="1" ctl="96"   uri="/route/gain 96"/>
	<Binding channel="1" ctl="97"   uri="/route/gain 97"/>
	<Binding channel="1" ctl="98"   uri="/route/gain 98"/>
	<Binding channel="1" ctl="99"   uri="/route/gain 99"/>
	<Binding channel="1" ctl="100"   uri="/route/gain 100"/>
	<Binding channel="1" ctl="101"   uri="/route/gain 101"/>
	<Binding channel="1" ctl="102"   uri="/route/gain 102"/>
	<Binding channel="1" ctl="103"   uri="/route/gain 103"/>
	<Binding channel="1" ctl="104"   uri="/route/gain 104"/>
	<Binding channel="1" ctl="105"   uri="/route/gain 105"/>
	<Binding channel="1" ctl="106"   uri="/route/gain 106"/>
	<Binding channel="1" ctl="107"   uri="/route/gain 107"/>
	<Binding channel="1" ctl="108"   uri="/route/gain 108"/>
	<Binding channel="1" ctl="109"   uri="/route/gain 109"/>
	<Binding channel="1" ctl="110"   uri="/route/gain 110"/>
	<Binding channel="1" ctl="111"   uri="/route/gain 111"/>
	<Binding channel="1" ctl="112"   uri="/route/gain 112"/>
	<Binding channel="1" ctl="113"   uri="/route/gain 113"/>
	<Binding channel="1" ctl="114"   uri="/route/gain 114"/>
	<Binding channel="1" ctl="115"   uri="/route/gain 115"/>
	<Binding channel="1" ctl="116"   uri="/route/gain 116"/>
	<Binding channel="1" ctl="117"   uri="/route/gain 117"/>
	<Binding channel="1" ctl="118"   uri="/route/gain 118"/>
</ArdourMIDIBindings>
